=== รอบ 1 · 15:51 ===
ข้อความที่ยังขาด 777
ต้องแปล 777 ข้อความ · 18 ชุด
  miss-dc14f4aa94: OK
  miss-029a8c3af0: OK
  mi  miss-0418f67c04: FAIL
  miss-3da8395d64: FAIL
  miss-13b7571510: FAIL
  miss-42b0c664dc: FAIL
  miss-20515fcd2d: FAIL
  miss-8b9e56ecd0: FAIL
  miss-b2d98fc2a2: OK
  miss-179f9234a4: OK
  miss-954be13ea4: OK
  miss-cd794a3752: OK
  miss-1cf7139378: OK
  miss-7e11bd4af9: OK
  miss-64dd4d84aa: OK
  miss-6a6749d70b: OK
  miss-b6157a0d1d: OK
  miss-cb491a7c59: OK
done
20 places, 7 traditions, 59 directory entries. Original municipal image map. Local preview: https://takuapa101.com/
คำแปลในหน่วยความจำ 3155 รายการ
สร้างหน้าอังกฤษ 44 หน้า · ข้าม 0 หน้า (คำแปลไม่พอ)
ข้อความที่ยังไม่มีคำแปล 104 แบบ · เขียนไว้ที่ data/i18n/en/missing.json
=== รอบ 2 · 16:17 ===
ข้อความที่ยังขาด 104
ต้องแปล 104 ข้อความ · 3 ชุด
  miss-2bbda3e954: OK
  miss-a7a766e7b1: OK
  miss-ef02f7c8aa: FAIL
done
Built 45 pages, 20 places, 7 traditions, 59 directory entries. Original municipal image map. Local preview: https://takuapa101.com/
คำแปลในหน่วยความจำ 3199 รายการ
สร้างหน้าอังกฤษ 44 หน้า · ข้าม 0 หน้า (คำแปลไม่พอ)
ข้อความที่ยังไม่มีคำแปล 62 แบบ · เขียนไว้ที่ data/i18n/en/missing.json
=== รอบ 3 · 16:24 ===
ข้อความที่ยังขาด 62
ต้องแปล 62 ข้อความ · 2 ชุด
  miss-7d58d2312d: OK
  miss-e2d6b7d215: OK
done
Built 45 pages, 20 places, 7 traditions, 59 directory entries. Original municipal image map. Local preview: https://takuapa101.com/
คำแปลในหน่วยความจำ 3216 รายการ
สร้างหน้าอังกฤษ 44 หน้า · ข้าม 0 หน้า (คำแปลไม่พอ)
ข้อความที่ยังไม่มีคำแปล 45 แบบ · เขียนไว้ที่ data/i18n/en/missing.json
=== รอบ 4 · 16:27 ===
ข้อความที่ยังขาด 45
ต้องแปล 45 ข้อความ · 1 ชุด
  miss-7d58d2312d: skip(exists)
done
Built 45 pages, 20 places, 7 traditions, 59 directory entries. Original municipal image map. Local preview: https://takuapa101.com/
คำแปลในหน่วยความจำ 3216 รายการ
สร้างหน้าอังกฤษ 44 หน้า · ข้าม 0 หน้า (คำแปลไม่พอ)
ข้อความที่ยังไม่มีคำแปล 45 แบบ · เขียนไว้ที่ data/i18n/en/missing.json
=== รอบ 5 · 16:27 ===
ข้อความที่ยังขาด 45
ต้องแปล 45 ข้อความ · 1 ชุด
  miss-7d58d2312d: skip(exists)
done
Built 45 pages, 20 places, 7 traditions, 59 directory entries. Original municipal image map. Local preview: https://takuapa101.com/
คำแปลในหน่วยความจำ 3216 รายการ
สร้างหน้าอังกฤษ 44 หน้า · ข้าม 0 หน้า (คำแปลไม่พอ)
ข้อความที่ยังไม่มีคำแปล 45 แบบ · เขียนไว้ที่ data/i18n/en/missing.json
=== รอบ 6 · 16:27 ===
ข้อความที่ยังขาด 45
ต้องแปล 45 ข้อความ · 1 ชุด
  miss-7d58d2312d: skip(exists)
done
Built 45 pages, 20 places, 7 traditions, 59 directory entries. Original municipal image map. Local preview: https://takuapa101.com/
คำแปลในหน่วยความจำ 3216 รายการ
สร้างหน้าอังกฤษ 44 หน้า · ข้าม 0 หน้า (คำแปลไม่พอ)
ข้อความที่ยังไม่มีคำแปล 45 แบบ · เขียนไว้ที่ data/i18n/en/missing.json
=== รอบ 7 · 16:27 ===
ข้อความที่ยังขาด 45
ต้องแปล 45 ข้อความ · 1 ชุด
  miss-7d58d2312d: skip(exists)
done
Built 45 pages, 20 places, 7 traditions, 59 directory entries. Original municipal image map. Local preview: https://takuapa101.com/
คำแปลในหน่วยความจำ 3216 รายการ
สร้างหน้าอังกฤษ 44 หน้า · ข้าม 0 หน้า (คำแปลไม่พอ)
ข้อความที่ยังไม่มีคำแปล 45 แบบ · เขียนไว้ที่ data/i18n/en/missing.json
=== รอบ 8 · 16:27 ===
ข้อความที่ยังขาด 45
ต้องแปล 45 ข้อความ · 1 ชุด
  miss-7d58d2312d: skip(exists)
done
Built 45 pages, 20 places, 7 traditions, 59 directory entries. Original municipal image map. Local preview: https://takuapa101.com/
คำแปลในหน่วยความจำ 3216 รายการ
สร้างหน้าอังกฤษ 44 หน้า · ข้าม 0 หน้า (คำแปลไม่พอ)
ข้อความที่ยังไม่มีคำแปล 45 แบบ · เขียนไว้ที่ data/i18n/en/missing.json
=== จบ · 16:27 ===
สร้างหน้าอังกฤษ 44 หน้า · ข้าม 0 หน้า (คำแปลไม่พอ)
ข้อความที่ยังไม่มีคำแปล 45 แบบ · เขียนไว้ที่ data/i18n/en/missing.json
finish_en เสร็จ
Built 45 pages, 20 places, 7 traditions, 59 directory entries. Original municipal image map. Local preview: https://takuapa101.com/
คำแปลในหน่วยความจำ 3252 รายการ
สร้างหน้าอังกฤษ 44 หน้า · ข้าม 0 หน้า (คำแปลไม่พอ)
ข้อความที่ยังไม่มีคำแปล 25 แบบ · เขียนไว้ที่ data/i18n/en/missing.json
=== รอบ 2 · 18:12 ===
ข้อความที่ยังขาด 25
เหลือน้อยพอแล้ว หยุด
=== จบ · 18:12 ===
สร้างหน้าอังกฤษ 44 หน้า · ข้าม 0 หน้า (คำแปลไม่พอ)
ข้อความที่ยังไม่มีคำแปล 25 แบบ · เขียนไว้ที่ data/i18n/en/missing.json
finish_en เสร็จ
